
> marmex-india@1.0.0 build
> next build

node.exe : 
(node:29404) [MODULE_T
YPELESS_PACKAGE_JSON] 
Warning: Module type 
of file:///C:/Users/De
v/Desktop/Dev%20Projec
ts/next.config.js is 
not specified and it 
doesn't parse as 
CommonJS.
At C:\Program Files\no
dejs\npm.ps1:29 char:3
+   & $NODE_EXE 
$NPM_CLI_JS $args
+   ~~~~~~~~~~~~~~~~~~
~~~~~~~~~~~
    + CategoryInfo    
          : NotSpeci  
  fied: ((node:2940   
 4) [M...se as Com    
monJS.:String) []    
, RemoteException
    + FullyQualifiedE 
   rrorId : NativeCo  
  mmandError
 
Reparsing as ES 
module because module 
syntax was detected. 
This incurs a 
performance overhead.
To eliminate this 
warning, add "type": 
"module" to C:\Users\D
ev\Desktop\Dev 
Projects\package.json.
(Use `node 
--trace-warnings ...` 
to show where the 
warning was created)
   Γû▓ Next.js 15.5.6
   - Environments: .env.local

   Creating an optimized production build ...
(node:1044) [MODULE_TY
PELESS_PACKAGE_JSON] 
Warning: Module type 
of file:///C:/Users/De
v/Desktop/Dev%20Projec
ts/next.config.js is 
not specified and it 
doesn't parse as 
CommonJS.
Reparsing as ES 
module because module 
syntax was detected. 
This incurs a 
performance overhead.
To eliminate this 
warning, add "type": 
"module" to C:\Users\D
ev\Desktop\Dev 
Projects\package.json.
(Use `node 
--trace-warnings ...` 
to show where the 
warning was created)
Failed to compile.

./app/about/page.js
Error:   [31mx[0m 
Expression expected
    ,-[[36;1;4mC:\Use
rs\Dev\Desktop\Dev Pro
jects\app\about\page.j
s[0m:90:1]
 [2m87[0m |         
        </div>
 [2m88[0m |         
    </section>
 [2m89[0m |         
</section>
 [2m90[0m |         
</main >
    : [35;1m        
^[0m
 [2m91[0m |     )
 [2m92[0m | }
    `----
  [31mx[0m 
Unterminated regexp 
literal
    ,-[[36;1;4mC:\Use
rs\Dev\Desktop\Dev Pro
jects\app\about\page.j
s[0m:90:1]
 [2m87[0m |         
        </div>
 [2m88[0m |         
    </section>
 [2m89[0m |         
</section>
 [2m90[0m |         
</main >
    : [35;1m         
^^^^^^^[0m
 [2m91[0m |     )
 [2m92[0m | }
    `----

Caused by:
    Syntax Error

Import trace for 
requested module:
./app/about/page.js

./app/admin/page.js
Error:   [31mx[0m 
Expected '</', got 
'jsx text (
  [31m|[0m          
   )'
    ,-[[36;1;4mC:\Use
rs\Dev\Desktop\Dev Pro
jects\app\admin\page.j
s[0m:83:1]
 [2m80[0m |         
                </div>
 [2m81[0m |         
                
<h3>Manage 
Homepage</h3>
 [2m82[0m |         
                
<p>Update hero banner 
and content</p>
 [2m83[0m | [35;1m,
[0m[35;1m-[0m[35;1
m>[0m                
 </a>
 [2m84[0m | [35;1m`
[0m[35;1m-[0m[35;1
m>[0m             
</div>
 [2m85[0m |         
    </div>
 [2m86[0m |     
 [2m86[0m |         
        {
    `----

Caused by:
    Syntax Error

Import trace for 
requested module:
./app/admin/page.js

./app/cart/page.js
Error:   [31mx[0m 
Expression expected
    ,-[[36;1;4mC:\Use
rs\Dev\Desktop\Dev Pro
jects\app\cart\page.js
[0m:64:1]
 [2m61[0m |         
                    )}
 [2m62[0m | 
 [2m63[0m |         
                    
<div className={styles
.itemsHeader}>
 [2m64[0m |         
                      
  <h2>{cart.length} 
Item{cart.length !== 
1 ? & apos;s&apos; : 
&apos;&apos;} in 
Cart</h2>
    : [35;1m         
                      
                      
                      
^[0m
 [2m65[0m |         
                      
  {cart.length > 0 && 
(
 [2m66[0m |         
                      
      <button 
onClick={clearCart} cl
assName={styles.clearB
tn}>
 [2m66[0m |         
                      
          Clear All
    `----
  [31mx[0m Expected 
'</', got ';'
    ,-[[36;1;4mC:\Use
rs\Dev\Desktop\Dev Pro
jects\app\cart\page.js
[0m:64:1]
 [2m61[0m |         
                    )}
 [2m62[0m | 
 [2m63[0m |         
                    
<div className={styles
.itemsHeader}>
 [2m64[0m |         
                      
  <h2>{cart.length} 
Item{cart.length !== 
1 ? & apos;s&apos; : 
&apos;&apos;} in 
Cart</h2>
    : [35;1m         
                      
                      
                      
      ^[0m
 [2m65[0m |         
                      
  {cart.length > 0 && 
(
 [2m66[0m |         
                      
      <button 
onClick={clearCart} cl
assName={styles.clearB
tn}>
 [2m66[0m |         
                      
          Clear All
    `----

Caused by:
    Syntax Error

Import trace for 
requested module:
./app/cart/page.js

./app/products/[id]/pa
ge.js
Error:   [31mx[0m 
Expression expected
     ,-[[36;1;4mC:\Us
ers\Dev\Desktop\Dev Pr
ojects\app\products\[i
d]\page.js[0m:103:1]
 [2m100[0m |        
 ? (product.price * 
(100 - 
product.discount) / 
100).toFixed(0)
 [2m101[0m |        
 : null
 [2m102[0m | 
 [2m103[0m |        
 <>
     : [35;1m        
 ^[0m
 [2m104[0m |        
                      
   <a href={`/products
?category=${product.ca
tegory}`}>{product.cat
egory}</a>
 [2m105[0m |        
                      
   <span>/</span>
 [2m105[0m |        
                     
</>
     `----

Caused by:
    Syntax Error

Import trace for 
requested module:
./app/products/[id]/pa
ge.js


> Build failed 
because of webpack 
errors
